 [dir=/fslhome/fslcollab8/LIBS/PURE/LIB/Mg_pv:GGA:01Apr2000/A2/] - [user=glh43] - [host=m6-4-13] - [date=Sun Apr 21 17:17:28 2013]
